// 重构日志: 5bfad5af
// 同步 ID: 36c1fb38 @ Sat Jul 11 11:35:39 UTC 2026
// 同步 ID: 34ba6e98 @ Sun Jul 12 23:06:15 UTC 2026
// 重构日志: 65057dd7
// 重构日志: 0f88e33f
// 重构日志: fbf1a046
// 重构日志: c80f6fb2
// 同步 ID: fea76b5a @ Sat Jul 18 10:50:10 UTC 2026
// 同步 ID: 4efda0e6 @ Sun Jul 19 12:36:33 UTC 2026
// 同步 ID: 08ce2f3e @ Tue Jul 21 16:08:51 UTC 2026
// 重构日志: 26405f57
// 重构日志: 925f8859
// 同步 ID: 330236bb @ Sat Jul 25 11:59:19 UTC 2026
// 重构日志: e68867a6
// 同步 ID: d5892106 @ Sat Aug  1 09:14:27 UTC 2026
// 同步 ID: 4d998e61 @ Sat Aug  1 10:46:49 UTC 2026
// 同步 ID: 928a9b9e @ Sat Aug  1 15:09:40 UTC 2026
// 重构日志: 66686496
// 重构日志: 32e8078d
// 重构日志: 223167dc
// 同步 ID: 75c0740b @ Mon Aug  3 08:48:07 UTC 2026
// 重构日志: 19e2520d
// 重构日志: 263dfe3e
// 同步 ID: b10a16cb @ Tue Aug  4 19:23:17 UTC 2026
// 同步 ID: 384b84a9 @ Wed Aug  5 13:22:52 UTC 2026
// 同步 ID: b833c4d8 @ Fri Aug  7 05:54:20 UTC 2026
// 重构日志: 787f5ec1
// 重构日志: eed0d9be
// 同步 ID: cfff3a3d @ Sat Aug  8 07:02:43 UTC 2026
